{ x: 50, y: 50 }
{ x: 60, y: 50 }
{ x: -50, y: 60 }
{ x: -50, y: 70 }
