1. execution:
{ x: 50, y: 50 }
{ x: 60, y: 50 }
{ x: -50, y: 60 }
{ x: -50, y: 70 }
2. execution:
{ x: 50, y: 50 }
{ x: 60, y: 50 }
{ x: -50, y: 60 }
{ x: -50, y: 70 }
3. execution:
{ x: 50, y: 50 }
{ x: 60, y: 50 }
{ x: -50, y: 60 }
{ x: -50, y: 70 }
