1. execution:
{ x: 50, y: 50 }
{ x: 60, y: 50 }
{ x: -50, y: 60 }
{ x: -50, y: 70 }
2. execution:
{ x: 50, y: 50 }
{ x: 60, y: 50 }
{ x: -50, y: 60 }
{ x: -50, y: 70 }
3. execution:
{ x: 50, y: 50 }
{ x: 60, y: 50 }
{ x: -50, y: 60 }
{ x: -50, y: 70 }
init(50, 50, 0, 0) /* {{x: 50, y: 50}, {x: 50, y: 50}, {x: 50, y: 50}} */;
translation(10, 0) /* {{x: 60, y: 50}, {x: 60, y: 50}, {x: 60, y: 50}} */;
rotation(0, 0, 90) /* {{x: -50, y: 60}, {x: -50, y: 60}, {x: -50, y: 60}} */;
translation(0, 10) /* {{x: -50, y: 70}, {x: -50, y: 70}, {x: -50, y: 70}} */
