digraph CFG {
  Node_0[label="rotation(0, 0, 180)\n"]
  Node_1[label=""]
  Node_2[label="translation(0, 10)\n"]
  Node_3[label="translation(10, 0)\n"]
  Node_4[label=""]
  Node_5[label="init(50, 50, 50, 50)\n"]

  Node_0 -> Node_1
  Node_1 -> Node_3
  Node_1 -> Node_2
  Node_2 -> Node_4
  Node_3 -> Node_4
  Node_4 -> Node_5
  Node_4 -> Node_1
}

